<p>C:/Users/91983/AppData/Local/Temp/OpenModelica/OMEdit/NonInteractingTanks.TwoConnectedTanks/TwoConnectedTanks.exe -port=62095 -logFormat=xmltcp -startTime=0 -stopTime=1 -stepSize=0.002 -tolerance=1e-06 -s=dassl -outputFormat=mat -variableFilter=.* -r=C:/Users/91983/AppData/Local/Temp/OpenModelica/OMEdit/NonInteractingTanks.TwoConnectedTanks/TwoConnectedTanks_res.mat -w -lv=LOG_STDOUT,LOG_ASSERT,LOG_STATS -inputPath=C:/Users/91983/AppData/Local/Temp/OpenModelica/OMEdit/NonInteractingTanks.TwoConnectedTanks -outputPath=C:/Users/91983/AppData/Local/Temp/OpenModelica/OMEdit/NonInteractingTanks.TwoConnectedTanks</p>
LOG_SUCCESS		| info	 | <p>The initialization finished successfully without homotopy method.</p>
LOG_STATS		| info	 | <p>### STATISTICS ###</p>
|		| |	 | | <p>timer</p>
|		| |	 | | | <p>    0.001389s          reading init.xml</p>
|		| |	 | | | <p>   0.0023129s          reading info.xml</p>
|		| |	 | | | <p>   0.0012852s [  5.8%] pre-initialization</p>
|		| |	 | | | <p>   0.0010959s [  4.9%] initialization</p>
|		| |	 | | | <p>    2.49e-05s [  0.1%] steps</p>
|		| |	 | | | <p>   0.0016661s [  7.5%] solver (excl. callbacks)</p>
|		| |	 | | | <p>    0.002079s [  9.4%] creating output-file</p>
|		| |	 | | | <p>   0.0001476s [  0.7%] event-handling</p>
|		| |	 | | | <p>   0.0005577s [  2.5%] overhead</p>
|		| |	 | | | <p>   0.0152863s [ 69.0%] simulation</p>
|		| |	 | | | <p>   0.0221427s [100.0%] total</p>
|		| |	 | | <p>events</p>
|		| |	 | | | <p>    0 state events</p>
|		| |	 | | | <p>    0 time events</p>
|		| |	 | | <p>solver: dassl</p>
|		| |	 | | | <p>   22 steps taken</p>
|		| |	 | | | <p>   22 calls of functionODE</p>
|		| |	 | | | <p>   21 evaluations of jacobian</p>
|		| |	 | | | <p>    0 error test failures</p>
|		| |	 | | | <p>    0 convergence test failures</p>
|		| |	 | | | <p>1.56e-05s time of jacobian evaluation</p>
LOG_SUCCESS		| info	 | <p>The simulation finished successfully.</p>
